../Core/Src/sd.c:49:6:cs_low	8	static
../Core/Src/sd.c:50:6:cs_high	8	static
../Core/Src/sd.c:51:6:sd_end_comm	8	static
../Core/Src/sd.c:57:9:sd_xfer	32	static
../Core/Src/sd.c:69:6:sd_send_command	16	static
../Core/Src/sd.c:84:9:sd_read_r1	16	static
../Core/Src/sd.c:98:9:sd_send_read_r1	16	static
../Core/Src/sd.c:109:13:sd_init	40	static
../Core/Src/sd.c:177:13:sd_write_block	24	static
../Core/Src/sd.c:219:13:sd_write_poll	8	static
../Core/Src/sd.c:262:13:sd_request_block	16	static
../Core/Src/sd.c:286:13:sd_read_block	24	static
